Archive member included to satisfy reference by file (symbol)

/usr/lib/gcc/arm-none-eabi/4.9.3/armv7-m/libgcc.a(_aeabi_ldivmod.o)
                              hwlib.o (__aeabi_ldivmod)
/usr/lib/gcc/arm-none-eabi/4.9.3/armv7-m/libgcc.a(_aeabi_uldivmod.o)
                              rgb_matrix.o (__aeabi_uldivmod)
/usr/lib/gcc/arm-none-eabi/4.9.3/armv7-m/libgcc.a(bpabi.o)
                              /usr/lib/gcc/arm-none-eabi/4.9.3/armv7-m/libgcc.a(_aeabi_ldivmod.o) (__gnu_ldivmod_helper)
/usr/lib/gcc/arm-none-eabi/4.9.3/armv7-m/libgcc.a(_dvmd_tls.o)
                              /usr/lib/gcc/arm-none-eabi/4.9.3/armv7-m/libgcc.a(_aeabi_ldivmod.o) (__aeabi_ldiv0)
/usr/lib/gcc/arm-none-eabi/4.9.3/armv7-m/libgcc.a(_divdi3.o)
                              /usr/lib/gcc/arm-none-eabi/4.9.3/armv7-m/libgcc.a(bpabi.o) (__divdi3)
/usr/lib/gcc/arm-none-eabi/4.9.3/armv7-m/libgcc.a(_udivdi3.o)
                              /usr/lib/gcc/arm-none-eabi/4.9.3/armv7-m/libgcc.a(bpabi.o) (__udivdi3)

Allocating common symbols
Common symbol       size              file

__dso_handle        0x4               bmptk_cortex.o

Discarded input sections

 .group         0x0000000000000000        0x8 rgb_matrix.o
 .group         0x0000000000000000        0x8 rgb_matrix.o
 .group         0x0000000000000000        0x8 rgb_matrix.o
 .group         0x0000000000000000        0x8 rgb_matrix.o
 .group         0x0000000000000000        0x8 rgb_matrix.o
 .group         0x0000000000000000        0x8 rgb_matrix.o
 .group         0x0000000000000000        0x8 rgb_matrix.o
 .text          0x0000000000000000        0x0 rgb_matrix.o
 .data          0x0000000000000000        0x0 rgb_matrix.o
 .bss           0x0000000000000000        0x0 rgb_matrix.o
 .text._ZN5hwlib6pin_in7refreshEv
                0x0000000000000000        0x2 rgb_matrix.o
 .text._ZN3due6pin_in3getEN5hwlib9bufferingE
                0x0000000000000000       0x10 rgb_matrix.o
 .text._ZN3due11ad_pin_infoENS_7ad_pinsE
                0x0000000000000000       0x1c rgb_matrix.o
 .text._ZN3due11ad_seq_infoEm
                0x0000000000000000       0x20 rgb_matrix.o
 .text._ZN3due6now_usEv
                0x0000000000000000       0x70 rgb_matrix.o
 .text._ZN5hwlib7wait_nsEi
                0x0000000000000000       0x14 rgb_matrix.o
 .text._ZN5hwlib9uart_getcEv
                0x0000000000000000       0x3c rgb_matrix.o
 .text._ZN5hwlib6now_usEv
                0x0000000000000000        0x8 rgb_matrix.o
 .text._ZN10rgb_matrix4loopEv
                0x0000000000000000        0xc rgb_matrix.o
 .rodata._ZTVN3due6pin_inE
                0x0000000000000000       0x10 rgb_matrix.o
 .bss._ZZN5hwlib9uart_getcEvE3pin
                0x0000000000000000        0xc rgb_matrix.o
 .bss._ZZN3due6now_usEvE8last_low
                0x0000000000000000        0x4 rgb_matrix.o
 .rodata._ZZN3due11ad_pin_infoENS_7ad_pinsEE17ad_pin_info_array
                0x0000000000000000        0xc rgb_matrix.o
 .rodata._ZZN3due11ad_seq_infoEmE12ad_seq_array
                0x0000000000000000       0x70 rgb_matrix.o
 .bss._ZZN3due6now_usEvE4high
                0x0000000000000000        0x8 rgb_matrix.o
 .bss._ZGVZN5hwlib9uart_getcEvE3pin
                0x0000000000000000        0x4 rgb_matrix.o
 .bss._ZZN3due6now_usEvE9init_done
                0x0000000000000000        0x1 rgb_matrix.o
 .group         0x0000000000000000        0x8 hwlib.o
 .group         0x0000000000000000        0x8 hwlib.o
 .group         0x0000000000000000        0x8 hwlib.o
 .group         0x0000000000000000        0x8 hwlib.o
 .group         0x0000000000000000        0x8 hwlib.o
 .group         0x0000000000000000        0x8 hwlib.o
 .group         0x0000000000000000        0x8 hwlib.o
 .group         0x0000000000000000        0x8 hwlib.o
 .group         0x0000000000000000        0x8 hwlib.o
 .group         0x0000000000000000        0x8 hwlib.o
 .group         0x0000000000000000        0x8 hwlib.o
 .group         0x0000000000000000        0x8 hwlib.o
 .group         0x0000000000000000        0x8 hwlib.o
 .group         0x0000000000000000        0x8 hwlib.o
 .group         0x0000000000000000        0x8 hwlib.o
 .group         0x0000000000000000        0x8 hwlib.o
 .group         0x0000000000000000        0x8 hwlib.o
 .group         0x0000000000000000        0x8 hwlib.o
 .group         0x0000000000000000        0x8 hwlib.o
 .group         0x0000000000000000        0x8 hwlib.o
 .group         0x0000000000000000        0x8 hwlib.o
 .group         0x0000000000000000        0x8 hwlib.o
 .group         0x0000000000000000        0x8 hwlib.o
 .group         0x0000000000000000        0x8 hwlib.o
 .group         0x0000000000000000        0x8 hwlib.o
 .group         0x0000000000000000        0x8 hwlib.o
 .group         0x0000000000000000        0x8 hwlib.o
 .group         0x0000000000000000        0x8 hwlib.o
 .group         0x0000000000000000        0x8 hwlib.o
 .group         0x0000000000000000        0x8 hwlib.o
 .group         0x0000000000000000        0x8 hwlib.o
 .group         0x0000000000000000        0x8 hwlib.o
 .group         0x0000000000000000        0x8 hwlib.o
 .group         0x0000000000000000        0x8 hwlib.o
 .group         0x0000000000000000        0x8 hwlib.o
 .group         0x0000000000000000        0x8 hwlib.o
 .group         0x0000000000000000        0x8 hwlib.o
 .text          0x0000000000000000        0x0 hwlib.o
 .data          0x0000000000000000        0x0 hwlib.o
 .bss           0x0000000000000000        0x0 hwlib.o
 .text._ZN5hwlib10pin_in_out7refreshEv
                0x0000000000000000        0x2 hwlib.o
 .text._ZN5hwlib10pin_in_out5flushEv
                0x0000000000000000        0x2 hwlib.o
 .text._ZN5hwlib6pin_in7refreshEv
                0x0000000000000000        0x2 hwlib.o
 .text._ZN5hwlib7pin_out5flushEv
                0x0000000000000000        0x2 hwlib.o
 .text._ZN5hwlib6pin_oc7refreshEv
                0x0000000000000000        0x2 hwlib.o
 .text._ZN5hwlib6pin_oc5flushEv
                0x0000000000000000        0x2 hwlib.o
 .text._ZN5hwlib23_pin_in_out_dummy_class3setEbNS_9bufferingE
                0x0000000000000000        0x2 hwlib.o
 .text._ZN5hwlib23_pin_in_out_dummy_class3getENS_9bufferingE
                0x0000000000000000        0x4 hwlib.o
 .text._ZN5hwlib23_pin_in_out_dummy_class19direction_set_inputEv
                0x0000000000000000        0x2 hwlib.o
 .text._ZN5hwlib23_pin_in_out_dummy_class20direction_set_outputEv
                0x0000000000000000        0x2 hwlib.o
 .text._ZN5hwlib19_pin_in_dummy_class3getENS_9bufferingE
                0x0000000000000000        0x4 hwlib.o
 .text._ZN5hwlib19_pin_oc_dummy_class3setEbNS_9bufferingE
                0x0000000000000000        0x2 hwlib.o
 .text._ZN5hwlib19_pin_oc_dummy_class3getENS_9bufferingE
                0x0000000000000000        0x4 hwlib.o
 .text._ZN3due6pin_in3getEN5hwlib9bufferingE
                0x0000000000000000       0x10 hwlib.o
 .text._ZN3due7pin_out3setEbN5hwlib9bufferingE
                0x0000000000000000        0xe hwlib.o
 .text._ZN5hwlib7ostream6fillerEi
                0x0000000000000000       0x1a hwlib.o
 .text._ZN5hwliblsERNS_7ostreamEPKc
                0x0000000000000000       0x54 hwlib.o
 .text._ZN5hwliblsERNS_7ostreamEx
                0x0000000000000000       0xfc hwlib.o
 .text._ZN5hwliblsERNS_7ostreamENS_8locationE
                0x0000000000000000       0x3c hwlib.o
 .text._ZN5hwlib4line4drawERNS_6windowENS_9bufferingE
                0x0000000000000000       0x82 hwlib.o
 .text._ZN5hwlib6circle4drawERNS_6windowENS_9bufferingE
                0x0000000000000000      0x32c hwlib.o
 .text._ZN5hwlib4randEv
                0x0000000000000000       0x20 hwlib.o
 .text._ZN5hwlib15random_in_rangeEjj
                0x0000000000000000       0x1a hwlib.o
 .text._ZN3due8pin_infoENS_4pinsE
                0x0000000000000000       0x20 hwlib.o
 .text._ZN3due11ad_pin_infoENS_7ad_pinsE
                0x0000000000000000       0x1c hwlib.o
 .text._ZN3due11ad_seq_infoEm
                0x0000000000000000       0x20 hwlib.o
 .text._ZN3due14port_registersEm
                0x0000000000000000       0x48 hwlib.o
 .text._ZN3due6now_usEv
                0x0000000000000000       0x70 hwlib.o
 .text._ZN5hwlib7wait_usEi
                0x0000000000000000       0x28 hwlib.o
 .text._ZN5hwlib7wait_nsEi
                0x0000000000000000       0x14 hwlib.o
 .text._ZN5hwlib7wait_msEi
                0x0000000000000000       0x16 hwlib.o
 .text._ZN5hwlib5blinkERNS_7pin_outEj
                0x0000000000000000       0x2c hwlib.o
 .text._ZN5hwlib4kittERNS_11port_in_outEj
                0x0000000000000000       0x56 hwlib.o
 .text._ZN5hwlib4kittERNS_8port_outEj
                0x0000000000000000       0x50 hwlib.o
 .text._ZN5hwlib4kittERNS_7port_ocEj
                0x0000000000000000       0x50 hwlib.o
 .text._ZN5hwlib21graphics_random_linesERNS_6windowEj
                0x0000000000000000       0xf8 hwlib.o
 .text._ZN5hwlib23graphics_random_circlesERNS_6windowEj
                0x0000000000000000       0x90 hwlib.o
 .text._ZN5hwlib12dac_triangleERNS_3dacEj
                0x0000000000000000       0x36 hwlib.o
 .text._ZN5hwlib9uart_putcEc
                0x0000000000000000       0x3c hwlib.o
 .text._ZN5hwlib6now_usEv
                0x0000000000000000        0x8 hwlib.o
 .text._ZN5hwlib24uart_getc_bit_banged_pinERNS_6pin_inE
                0x0000000000000000       0x70 hwlib.o
 .text._ZN5hwlib9uart_getcEv
                0x0000000000000000       0x38 hwlib.o
 .text._ZN5hwlib19cin_using_uart_getc4getcEv
                0x0000000000000000        0x8 hwlib.o
 .rodata._ZTVN5hwlib23_pin_in_out_dummy_classE
                0x0000000000000000       0x20 hwlib.o
 .rodata._ZTVN5hwlib19_pin_in_dummy_classE
                0x0000000000000000       0x10 hwlib.o
 .rodata._ZTVN5hwlib19_pin_oc_dummy_classE
                0x0000000000000000       0x18 hwlib.o
 .rodata._ZTVN5hwlib19cin_using_uart_getcE
                0x0000000000000000        0xc hwlib.o
 .rodata._ZTVN5hwlib4lineE
                0x0000000000000000        0xc hwlib.o
 .rodata._ZTVN5hwlib6circleE
                0x0000000000000000        0xc hwlib.o
 .rodata._ZTVN3due6pin_inE
                0x0000000000000000       0x10 hwlib.o
 .rodata._ZTVN3due7pin_outE
                0x0000000000000000       0x10 hwlib.o
 .bss._ZGVZN5hwlib9uart_putcEcE3pin
                0x0000000000000000        0x4 hwlib.o
 .data._ZN5hwlib15font_16x16_dataE
                0x0000000000000000      0xbe4 hwlib.o
 .data._ZN5hwlib3cinE
                0x0000000000000000        0x4 hwlib.o
 .bss._ZGVZN5hwlib9uart_getcEvE3pin
                0x0000000000000000        0x4 hwlib.o
 .bss._ZZN5hwlib9uart_getcEvE3pin
                0x0000000000000000        0xc hwlib.o
 .bss._ZZN5hwlib9uart_putcEcE3pin
                0x0000000000000000        0xc hwlib.o
 .bss._ZZN5hwlib4randEvE1n
                0x0000000000000000        0x4 hwlib.o
 .data._ZN5hwlib12pin_oc_dummyE
                0x0000000000000000        0x4 hwlib.o
 .bss._ZZN3due6now_usEvE8last_low
                0x0000000000000000        0x4 hwlib.o
 .rodata.str1.1
                0x0000000000000000       0x4f hwlib.o
 .rodata._ZZN3due11ad_pin_infoENS_7ad_pinsEE17ad_pin_info_array
                0x0000000000000000        0xc hwlib.o
 .bss._ZZN3due6now_usEvE9init_done
                0x0000000000000000        0x1 hwlib.o
 .rodata._ZZN3due11ad_seq_infoEmE12ad_seq_array
                0x0000000000000000       0x70 hwlib.o
 .data._ZN5hwlib12pin_in_dummyE
                0x0000000000000000        0x4 hwlib.o
 .bss._ZZN3due6now_usEvE4high
                0x0000000000000000        0x8 hwlib.o
 .rodata._ZZN3due8pin_infoENS_4pinsEE14pin_info_array
                0x0000000000000000       0xa4 hwlib.o
 .data._ZN5hwlib16pin_in_out_dummyE
                0x0000000000000000        0x4 hwlib.o
 .group         0x0000000000000000        0x8 main.o
 .group         0x0000000000000000        0x8 main.o
 .group         0x0000000000000000        0x8 main.o
 .group         0x0000000000000000        0x8 main.o
 .group         0x0000000000000000        0x8 main.o
 .group         0x0000000000000000        0x8 main.o
 .group         0x0000000000000000        0x8 main.o
 .group         0x0000000000000000        0x8 main.o
 .group         0x0000000000000000        0x8 main.o
 .group         0x0000000000000000        0x8 main.o
 .group         0x0000000000000000        0x8 main.o
 .group         0x0000000000000000        0x8 main.o
 .group         0x0000000000000000        0x8 main.o
 .group         0x0000000000000000        0x8 main.o
 .group         0x0000000000000000        0x8 main.o
 .group         0x0000000000000000        0x8 main.o
 .group         0x0000000000000000        0x8 main.o
 .group         0x0000000000000000        0x8 main.o
 .group         0x0000000000000000        0x8 main.o
 .group         0x0000000000000000        0x8 main.o
 .group         0x0000000000000000        0x8 main.o
 .group         0x0000000000000000        0x8 main.o
 .group         0x0000000000000000        0x8 main.o
 .group         0x0000000000000000        0x8 main.o
 .group         0x0000000000000000        0x8 main.o
 .group         0x0000000000000000        0x8 main.o
 .group         0x0000000000000000        0x8 main.o
 .group         0x0000000000000000        0x8 main.o
 .group         0x0000000000000000        0x8 main.o
 .group         0x0000000000000000        0x8 main.o
 .group         0x0000000000000000        0x8 main.o
 .text          0x0000000000000000        0x0 main.o
 .data          0x0000000000000000        0x0 main.o
 .bss           0x0000000000000000        0x0 main.o
 .text._ZN5hwlib6pin_in7refreshEv
                0x0000000000000000        0x2 main.o
 .text._ZN5hwlib7pin_out5flushEv
                0x0000000000000000        0x2 main.o
 .text._ZN5hwlib6window5flushEv
                0x0000000000000000        0x2 main.o
 .text._ZN3due6pin_in3getEN5hwlib9bufferingE
                0x0000000000000000       0x10 main.o
 .text._ZN3due7pin_out3setEbN5hwlib9bufferingE
                0x0000000000000000        0xe main.o
 .text._ZN17updating_drawable6updateEv
                0x0000000000000000        0x2 main.o
 .text._ZN5hwlib6window5writeENS_8locationENS_5colorENS_9bufferingE
                0x0000000000000000       0x36 main.o
 .text._ZN5hwlib6window5clearENS_9bufferingE
                0x0000000000000000       0x4a main.o
 .text._ZN3due8pin_infoENS_4pinsE
                0x0000000000000000       0x20 main.o
 .text._ZN3due11ad_pin_infoENS_7ad_pinsE
                0x0000000000000000       0x1c main.o
 .text._ZN3due11ad_seq_infoEm
                0x0000000000000000       0x20 main.o
 .text._ZN3due14port_registersEm
                0x0000000000000000       0x48 main.o
 .text._ZN3due6now_usEv
                0x0000000000000000       0x70 main.o
 .text._ZN5hwlib7wait_usEi
                0x0000000000000000       0x28 main.o
 .text._ZN5hwlib7wait_nsEi
                0x0000000000000000       0x14 main.o
 .text._ZN5hwlib7wait_msEi
                0x0000000000000000       0x16 main.o
 .text._ZN5hwlib9uart_putcEc
                0x0000000000000000       0x40 main.o
 .text._ZN5hwlib9uart_getcEv
                0x0000000000000000       0x3c main.o
 .text._ZN5hwlib6now_usEv
                0x0000000000000000        0x8 main.o
 .rodata._ZTVN3due6pin_inE
                0x0000000000000000       0x10 main.o
 .rodata._ZTVN3due7pin_outE
                0x0000000000000000       0x10 main.o
 .rodata._ZZN3due11ad_seq_infoEmE12ad_seq_array
                0x0000000000000000       0x70 main.o
 .bss._ZZN5hwlib9uart_getcEvE3pin
                0x0000000000000000        0xc main.o
 .bss._ZZN5hwlib9uart_putcEcE3pin
                0x0000000000000000        0xc main.o
 .bss._ZGVZN5hwlib9uart_putcEcE3pin
                0x0000000000000000        0x4 main.o
 .bss._ZZN3due6now_usEvE8last_low
                0x0000000000000000        0x4 main.o
 .rodata._ZZN3due11ad_pin_infoENS_7ad_pinsEE17ad_pin_info_array
                0x0000000000000000        0xc main.o
 .bss._ZZN3due6now_usEvE4high
                0x0000000000000000        0x8 main.o
 .rodata._ZZN3due8pin_infoENS_4pinsEE14pin_info_array
                0x0000000000000000       0xa4 main.o
 .bss._ZGVZN5hwlib9uart_getcEvE3pin
                0x0000000000000000        0x4 main.o
 .bss._ZZN3due6now_usEvE9init_done
                0x0000000000000000        0x1 main.o
 .text          0x0000000000000000        0x0 bmptk_cortex.o
 .data          0x0000000000000000        0x0 bmptk_cortex.o
 .bss           0x0000000000000000        0x0 bmptk_cortex.o
 .text.__aeabi_idiv0
                0x0000000000000000        0x4 bmptk_cortex.o
 .text.__cxa_pure_virtual
                0x0000000000000000        0x2 bmptk_cortex.o
 COMMON         0x0000000000000000        0x4 bmptk_cortex.o
 .text          0x0000000000000000        0x0 bmptk_heap_none.o
 .data          0x0000000000000000        0x0 bmptk_heap_none.o
 .bss           0x0000000000000000        0x0 bmptk_heap_none.o
 .text.malloc   0x0000000000000000        0xa bmptk_heap_none.o
 .text.free     0x0000000000000000        0x4 bmptk_heap_none.o
 .text          0x0000000000000000        0x0 bmptk_fixed_size_stack.o
 .data          0x0000000000000000        0x0 bmptk_fixed_size_stack.o
 .bss           0x0000000000000000        0x0 bmptk_fixed_size_stack.o
 .text          0x0000000000000000       0x38 /usr/lib/gcc/arm-none-eabi/4.9.3/armv7-m/libgcc.a(_aeabi_ldivmod.o)
 .data          0x0000000000000000        0x0 /usr/lib/gcc/arm-none-eabi/4.9.3/armv7-m/libgcc.a(_aeabi_ldivmod.o)
 .bss           0x0000000000000000        0x0 /usr/lib/gcc/arm-none-eabi/4.9.3/armv7-m/libgcc.a(_aeabi_ldivmod.o)
 .text          0x0000000000000000       0x30 /usr/lib/gcc/arm-none-eabi/4.9.3/armv7-m/libgcc.a(_aeabi_uldivmod.o)
 .data          0x0000000000000000        0x0 /usr/lib/gcc/arm-none-eabi/4.9.3/armv7-m/libgcc.a(_aeabi_uldivmod.o)
 .bss           0x0000000000000000        0x0 /usr/lib/gcc/arm-none-eabi/4.9.3/armv7-m/libgcc.a(_aeabi_uldivmod.o)
 .text          0x0000000000000000       0x60 /usr/lib/gcc/arm-none-eabi/4.9.3/armv7-m/libgcc.a(bpabi.o)
 .data          0x0000000000000000        0x0 /usr/lib/gcc/arm-none-eabi/4.9.3/armv7-m/libgcc.a(bpabi.o)
 .bss           0x0000000000000000        0x0 /usr/lib/gcc/arm-none-eabi/4.9.3/armv7-m/libgcc.a(bpabi.o)
 .text          0x0000000000000000        0x4 /usr/lib/gcc/arm-none-eabi/4.9.3/armv7-m/libgcc.a(_dvmd_tls.o)
 .data          0x0000000000000000        0x0 /usr/lib/gcc/arm-none-eabi/4.9.3/armv7-m/libgcc.a(_dvmd_tls.o)
 .bss           0x0000000000000000        0x0 /usr/lib/gcc/arm-none-eabi/4.9.3/armv7-m/libgcc.a(_dvmd_tls.o)
 .text          0x0000000000000000      0x2ac /usr/lib/gcc/arm-none-eabi/4.9.3/armv7-m/libgcc.a(_divdi3.o)
 .data          0x0000000000000000        0x0 /usr/lib/gcc/arm-none-eabi/4.9.3/armv7-m/libgcc.a(_divdi3.o)
 .bss           0x0000000000000000        0x0 /usr/lib/gcc/arm-none-eabi/4.9.3/armv7-m/libgcc.a(_divdi3.o)
 .ARM.extab     0x0000000000000000        0x0 /usr/lib/gcc/arm-none-eabi/4.9.3/armv7-m/libgcc.a(_divdi3.o)
 .ARM.exidx     0x0000000000000000        0x8 /usr/lib/gcc/arm-none-eabi/4.9.3/armv7-m/libgcc.a(_divdi3.o)
 .text          0x0000000000000000      0x270 /usr/lib/gcc/arm-none-eabi/4.9.3/armv7-m/libgcc.a(_udivdi3.o)
 .data          0x0000000000000000        0x0 /usr/lib/gcc/arm-none-eabi/4.9.3/armv7-m/libgcc.a(_udivdi3.o)
 .bss           0x0000000000000000        0x0 /usr/lib/gcc/arm-none-eabi/4.9.3/armv7-m/libgcc.a(_udivdi3.o)
 .ARM.extab     0x0000000000000000        0x0 /usr/lib/gcc/arm-none-eabi/4.9.3/armv7-m/libgcc.a(_udivdi3.o)
 .ARM.exidx     0x0000000000000000        0x8 /usr/lib/gcc/arm-none-eabi/4.9.3/armv7-m/libgcc.a(_udivdi3.o)

Memory Configuration

Name             Origin             Length             Attributes
rom              0x0000000000000000 0x0000000000080000 xr
ram              0x0000000020000000 0x0000000000018000 xrw
nul              0x0000000020000000 0x0000000000000000 xrw
*default*        0x0000000000000000 0xffffffffffffffff

Linker script and memory map

LOAD /usr/lib/gcc/arm-none-eabi/4.9.3/armv7-m/libgcc.a
LOAD rgb_matrix.o
LOAD hwlib.o
LOAD main.o
LOAD bmptk_cortex.o
LOAD bmptk_heap_none.o
LOAD bmptk_fixed_size_stack.o
LOAD /usr/lib/gcc/arm-none-eabi/4.9.3/../../../arm-none-eabi/lib/armv7-m/libstdc++.a
LOAD /usr/lib/gcc/arm-none-eabi/4.9.3/../../../arm-none-eabi/lib/armv7-m/libm.a
START GROUP
LOAD /usr/lib/gcc/arm-none-eabi/4.9.3/armv7-m/libgcc.a
LOAD /usr/lib/gcc/arm-none-eabi/4.9.3/../../../arm-none-eabi/lib/armv7-m/libc.a
END GROUP
                0x0000000000000000                __rom_start = ORIGIN (rom)
                0x0000000000080000                __rom_size = LENGTH (rom)
                0x0000000000080000                __rom_end = (__rom_start + __rom_size)
                0x0000000020000000                __ram_start = ORIGIN (ram)
                0x0000000000018000                __ram_size = LENGTH (ram)
                0x0000000020018000                __ram_end = (__ram_start + __ram_size)
                [!provide]                        PROVIDE (__rom_start, __rom_start)
                [!provide]                        PROVIDE (__rom_size, __rom_size)
                [!provide]                        PROVIDE (__rom_end, __rom_end)
                [!provide]                        PROVIDE (__ram_start, __ram_start)
                [!provide]                        PROVIDE (__ram_size, __ram_size)
                [!provide]                        PROVIDE (__ram_end, __ram_end)

.text           0x0000000000000000     0x15c0
                0x0000000000000000                . = ALIGN (0x4)
                0x0000000000000000                __text_start = .
                [!provide]                        PROVIDE (__text_start, __text_start)
                0x0000000000000000                . = ALIGN (0x4)
 *(.vectors)
 .vectors       0x0000000000000000       0x20 bmptk_cortex.o
                0x0000000000000000                __vectors
                0x0000000000000020                . = ALIGN (0x4)
 *(.text .text.* .gnu.linkonce.t.*)
 .text._ZN5hwlib7pin_out5flushEv
                0x0000000000000020        0x2 rgb_matrix.o
                0x0000000000000020                hwlib::pin_out::flush()
 .text._ZN3due7pin_out3setEbN5hwlib9bufferingE
                0x0000000000000022        0xe rgb_matrix.o
                0x0000000000000022                due::pin_out::set(bool, hwlib::buffering)
 .text._ZN10rgb_matrix5flushEv
                0x0000000000000030        0x2 rgb_matrix.o
                0x0000000000000030                rgb_matrix::flush()
 .text._ZN10rgb_matrix5clearEN5hwlib9bufferingE
                0x0000000000000032       0x3a rgb_matrix.o
                0x0000000000000032                rgb_matrix::clear(hwlib::buffering)
 .text._ZN10rgb_matrix20write_implementationEN5hwlib8locationENS0_5colorENS0_9bufferingE
                0x000000000000006c       0x5e rgb_matrix.o
                0x000000000000006c                rgb_matrix::write_implementation(hwlib::location, hwlib::color, hwlib::buffering)
 *fill*         0x00000000000000ca        0x2 
 .text._ZN3due8pin_infoENS_4pinsE
                0x00000000000000cc       0x20 rgb_matrix.o
                0x00000000000000cc                due::pin_info(due::pins)
 .text._ZN3due14port_registersEm
                0x00000000000000ec       0x48 rgb_matrix.o
                0x00000000000000ec                due::port_registers(unsigned long)
 *fill*         0x0000000000000134        0xc 
 .text._ZN5hwlib7wait_usEi
                0x0000000000000140       0x28 rgb_matrix.o
                0x0000000000000140                hwlib::wait_us(int)
 .text._ZN5hwlib7wait_msEi
                0x0000000000000168       0x16 rgb_matrix.o
                0x0000000000000168                hwlib::wait_ms(int)
 *fill*         0x000000000000017e        0x2 
 .text._ZN5hwlib9uart_putcEc
                0x0000000000000180       0x40 rgb_matrix.o
                0x0000000000000180                hwlib::uart_putc(char)
 .text._ZN10rgb_matrix10show_frameEv
                0x00000000000001c0      0x15c rgb_matrix.o
                0x00000000000001c0                rgb_matrix::show_frame()
 .text._ZN5hwlib20_pin_out_dummy_class3setEbNS_9bufferingE
                0x000000000000031c        0x2 hwlib.o
                0x000000000000031c                hwlib::_pin_out_dummy_class::set(bool, hwlib::buffering)
 .text._ZN5hwlib7ostream5flushEv
                0x000000000000031e        0x2 hwlib.o
                0x000000000000031e                hwlib::ostream::flush()
 .text._ZNK5hwlib9image_8x818get_implementationENS_8locationE
                0x0000000000000320       0x4c hwlib.o
                0x0000000000000320                hwlib::image_8x8::get_implementation(hwlib::location) const
 .text._ZN5hwlib5panicEPKcj
                0x000000000000036c        0x2 hwlib.o
                0x000000000000036c                hwlib::panic(char const*, unsigned int)
 .text._ZN5hwlib6window5writeENS_8locationENS_5colorENS_9bufferingE
                0x000000000000036e       0x36 hwlib.o
                0x000000000000036e                hwlib::window::write(hwlib::location, hwlib::color, hwlib::buffering)
 .text._ZN5hwlib24uart_putc_bit_banged_pinEcRNS_7pin_outE
                0x00000000000003a4       0x64 hwlib.o
                0x00000000000003a4                hwlib::uart_putc_bit_banged_pin(char, hwlib::pin_out&)
 .text._ZN5hwlib20cout_using_uart_putc4putcEc
                0x0000000000000408        0xa hwlib.o
                0x0000000000000408                hwlib::cout_using_uart_putc::putc(char)
 .text._ZN5hwlib8port_out5flushEv
                0x0000000000000412        0x2 main.o
                0x0000000000000412                hwlib::port_out::flush()
 .text._ZN5hwlib18port_out_from_pins14number_of_pinsEv
                0x0000000000000414        0x4 main.o
                0x0000000000000414                hwlib::port_out_from_pins::number_of_pins()
 .text._ZN5hwlib18port_out_from_pins3setEjNS_9bufferingE
                0x0000000000000418       0x28 main.o
                0x0000000000000418                hwlib::port_out_from_pins::set(unsigned int, hwlib::buffering)
 .text._ZNK5hwlib16font_default_8x8ixEc
                0x0000000000000440       0x14 main.o
                0x0000000000000440                hwlib::font_default_8x8::operator[](char) const
 .text._ZN8rgb_pins14number_of_pinsEv
                0x0000000000000454        0x4 main.o
                0x0000000000000454                rgb_pins::number_of_pins()
 .text._ZN8rgb_pins3setEjN5hwlib9bufferingE
                0x0000000000000458       0x34 main.o
                0x0000000000000458                rgb_pins::set(unsigned int, hwlib::buffering)
 .text._ZN8rgb_pins5flushEv
                0x000000000000048c       0x20 main.o
                0x000000000000048c                rgb_pins::flush()
 .text._ZN12rainbow_font6updateEv
                0x00000000000004ac       0x20 main.o
                0x00000000000004ac                rainbow_font::update()
 .text._ZN5hwlib7ostreamlsEc
                0x00000000000004cc        0xe main.o
                0x00000000000004cc                hwlib::ostream::operator<<(char)
 .text._ZNK5hwlib5imageixENS_8locationE
                0x00000000000004da       0x4c main.o
                0x00000000000004da                hwlib::image::operator[](hwlib::location) const
 *fill*         0x0000000000000526        0x2 
 .text._ZNK13image_rainbow18get_implementationEN5hwlib8locationE
                0x0000000000000528       0x78 main.o
                0x0000000000000528                image_rainbow::get_implementation(hwlib::location) const
 .text._ZNK12image_invert18get_implementationEN5hwlib8locationE
                0x00000000000005a0       0x50 main.o
                0x00000000000005a0                image_invert::get_implementation(hwlib::location) const
 .text._ZN12rainbow_font4drawERN5hwlib6windowENS0_9bufferingE
                0x00000000000005f0       0xac main.o
                0x00000000000005f0                rainbow_font::draw(hwlib::window&, hwlib::buffering)
 .text._ZN3due7pin_outC2ENS_4pinsE
                0x000000000000069c       0x34 main.o
                0x000000000000069c                due::pin_out::pin_out(due::pins)
                0x000000000000069c                due::pin_out::pin_out(due::pins)
 .text._ZN15rgb_matrix_partC2ER8rgb_pins
                0x00000000000006d0       0x4c main.o
                0x00000000000006d0                rgb_matrix_part::rgb_matrix_part(rgb_pins&)
                0x00000000000006d0                rgb_matrix_part::rgb_matrix_part(rgb_pins&)
 .text.startup.main
                0x000000000000071c      0x250 main.o
                0x000000000000071c                main
 .text.__startup
                0x000000000000096c       0x48 bmptk_cortex.o
                0x000000000000096c                __startup
                0x00000000000009b4                . = ALIGN (0x4)
 *(.glue_7t .glue_7)
 .glue_7        0x00000000000009b4        0x0 linker stubs
 .glue_7t       0x00000000000009b4        0x0 linker stubs
                0x00000000000009b4                . = ALIGN (0x4)
 *(.rodata .rodata.* .gnu.linkonce.r.*)
 *fill*         0x00000000000009b4        0x4 
 .rodata._ZTVN3due7pin_outE
                0x00000000000009b8       0x10 rgb_matrix.o
                0x00000000000009b8                vtable for due::pin_out
 .rodata._ZTV10rgb_matrix
                0x00000000000009c8       0x14 rgb_matrix.o
                0x00000000000009c8                vtable for rgb_matrix
 .rodata.str1.1
                0x00000000000009dc       0x49 rgb_matrix.o
 .rodata._ZZN3due8pin_infoENS_4pinsEE14pin_info_array
                0x0000000000000a25       0xa4 rgb_matrix.o
 *fill*         0x0000000000000ac9        0x7 
 .rodata._ZTVN5hwlib20_pin_out_dummy_classE
                0x0000000000000ad0       0x10 hwlib.o
                0x0000000000000ad0                vtable for hwlib::_pin_out_dummy_class
 .rodata._ZTVN5hwlib20cout_using_uart_putcE
                0x0000000000000ae0       0x10 hwlib.o
                0x0000000000000ae0                vtable for hwlib::cout_using_uart_putc
 .rodata._ZTVN5hwlib9image_8x8E
                0x0000000000000af0        0xc hwlib.o
                0x0000000000000af0                vtable for hwlib::image_8x8
 .rodata._ZN5hwlibL5blackE
                0x0000000000000afc        0x4 hwlib.o
 .rodata._ZN5hwlibL5whiteE
                0x0000000000000b00        0x4 hwlib.o
 .rodata._ZN5hwlib16font_default_8x86imagesE
                0x0000000000000b04      0xa00 hwlib.o
                0x0000000000000b04                hwlib::font_default_8x8::images
 *fill*         0x0000000000001504        0x4 
 .rodata._ZTVN5hwlib18port_out_from_pinsE
                0x0000000000001508       0x14 main.o
                0x0000000000001508                vtable for hwlib::port_out_from_pins
 *fill*         0x000000000000151c        0x4 
 .rodata._ZTVN5hwlib16font_default_8x8E
                0x0000000000001520        0xc main.o
                0x0000000000001520                vtable for hwlib::font_default_8x8
 *fill*         0x000000000000152c        0x4 
 .rodata._ZTV12image_invert
                0x0000000000001530        0xc main.o
                0x0000000000001530                vtable for image_invert
 *fill*         0x000000000000153c        0x4 
 .rodata._ZTV13image_rainbow
                0x0000000000001540        0xc main.o
                0x0000000000001540                vtable for image_rainbow
 *fill*         0x000000000000154c        0x4 
 .rodata._ZTV12rainbow_font
                0x0000000000001550       0x10 main.o
                0x0000000000001550                vtable for rainbow_font
 .rodata._ZTV8rgb_pins
                0x0000000000001560       0x14 main.o
                0x0000000000001560                vtable for rgb_pins
 .rodata.str1.1
                0x0000000000001574       0x12 main.o
                                         0x5b (size before relaxing)
 .rodata._ZL7rainbow
                0x0000000000001586       0x38 main.o
                0x00000000000015c0                . = ALIGN (0x4)
 *fill*         0x00000000000015be        0x2 
 *(.ARM.extab* .gnu.linkonce.armextab.*)
                0x00000000000015c0                . = ALIGN (0x4)
 *(.gcc_except_table)
                0x00000000000015c0                . = ALIGN (0x4)
 *(.eh_frame_hdr)
                0x00000000000015c0                . = ALIGN (0x4)
 *(.eh_frame)
                0x00000000000015c0                . = ALIGN (0x4)
                0x00000000000015c0                __text_end = .
                [!provide]                        PROVIDE (__text_end, __text_end)

.vfp11_veneer   0x00000000000015c0        0x0
 .vfp11_veneer  0x00000000000015c0        0x0 linker stubs

.v4_bx          0x00000000000015c0        0x0
 .v4_bx         0x00000000000015c0        0x0 linker stubs

.iplt           0x00000000000015c0        0x0
 .iplt          0x00000000000015c0        0x0 rgb_matrix.o

.rel.dyn        0x00000000000015c0        0x0
 .rel.iplt      0x00000000000015c0        0x0 rgb_matrix.o

.IF_YOU_SEE_THIS_YOU_HAVE_ONE_OR_MORE_GLOBAL_OBJECT_CONSTRUCTORS
 *(.init)
 *(.preinit_array)
 *(SORT(.init_array.*))
 *(.init_array)
                0x00000000000015c0                . = ALIGN (0x4)
                0x00000000000015c0                __exidx_start = .
                [!provide]                        PROVIDE (__exidx_start, __exidx_start)

.ARM.exidx
 *(.ARM.exidx* .gnu.linkonce.armexidx.*)
                0x00000000000015c0                . = ALIGN (0x4)
                0x00000000000015c0                __exidx_end = .
                [!provide]                        PROVIDE (__exidx_end, __exidx_end)

.bss            0x0000000020000000    0x12010
                0x0000000020000000                . = ALIGN (0x4)
                0x0000000020000000                __stack_start = .
                [!provide]                        PROVIDE (__stack_start, __stack_start)
                0x0000000020000000                . = ALIGN (0x4)
 *(.bmptk_stack)
 .bmptk_stack   0x0000000020000000    0x12000 bmptk_fixed_size_stack.o
                0x0000000020000000                bmptk_stack
                0x0000000020012000                . = ALIGN (0x8)
                0x0000000020012000                __main_stack_end = .
                [!provide]                        PROVIDE (__main_stack_end, __main_stack_end)
                0x0000000020012000                . = ALIGN (0x4)
                0x0000000020012000                __stack_end = .
                [!provide]                        PROVIDE (__stack_end, __stack_end)
                0x0000000020012000                . = ALIGN (0x4)
                0x0000000020012000                __bss_start = .
                [!provide]                        PROVIDE (__bss_start, __bss_start)
                0x0000000020012000                . = ALIGN (0x4)
 *(.bss .bss.* .gnu.linkonce.b.*)
 .bss._ZZN5hwlib9uart_putcEcE3pin
                0x0000000020012000        0xc rgb_matrix.o
 .bss._ZGVZN5hwlib9uart_putcEcE3pin
                0x000000002001200c        0x4 rgb_matrix.o
                0x0000000020012010                . = ALIGN (0x4)
 *(COMMON)
                0x0000000020012010                . = ALIGN (0x4)
                0x0000000020012010                __bss_end = .
                [!provide]                        PROVIDE (__bss_end, __bss_end)

.data           0x0000000020012010       0x18 load address 0x00000000000015c0
                0x0000000020012010                . = ALIGN (0x4)
                0x00000000000015c0                __data_init_start = LOADADDR (.data)
                [!provide]                        PROVIDE (__data_init_start, __data_init_start)
                0x0000000020012010                __data_start = .
                [!provide]                        PROVIDE (__data_start, __data_start)
                0x0000000020012010                . = ALIGN (0x4)
 *(.data .data.* .gnu.linkonce.d.*)
 .data._ZN5hwlib4coutE
                0x0000000020012010       0x14 hwlib.o
                0x0000000020012010                hwlib::cout
 .data._ZN5hwlib13pin_out_dummyE
                0x0000000020012024        0x4 hwlib.o
                0x0000000020012024                hwlib::pin_out_dummy
                0x0000000020012028                . = ALIGN (0x4)
                0x0000000020012028                __data_end = .
                [!provide]                        PROVIDE (__data_end, __data_end)
                0x00000000000015c0                __data_init_end = LOADADDR (.data)
                [!provide]                        PROVIDE (__data_init_end, __data_init_end)
                0x0000000000000018                PROVIDE (__data_size, (__data_end - __data_start))
                0x0000000000000018                PROVIDE (__data_init_size, __data_size)
                [!provide]                        PROVIDE (__data_init_end, (__data_init_start + __data_init_size))

.igot.plt       0x0000000020012028        0x0 load address 0x00000000000015d8
 .igot.plt      0x0000000020012028        0x0 rgb_matrix.o
                0x0000000020012028                . = ALIGN (0x4)
                0x0000000020012028                __heap_start = .
                [!provide]                        PROVIDE (__heap_start, __heap_start)
                0x0000000020012028                . = ALIGN (0x4)
                0x0000000020018000                __heap_end = __ram_end
                [!provide]                        PROVIDE (__heap_end, __heap_end)

.stab
 *(.stab)

.stabstr
 *(.stabstr)

.debug
 *(.debug)

.line
 *(.line)

.debug_srcinfo
 *(.debug_srcinfo)

.debug_sfnames
 *(.debug_sfnames)

.debug_aranges  0x0000000000000000       0xc0
 *(.debug_aranges)
 .debug_aranges
                0x0000000000000000       0x20 /usr/lib/gcc/arm-none-eabi/4.9.3/armv7-m/libgcc.a(_aeabi_ldivmod.o)
 .debug_aranges
                0x0000000000000020       0x20 /usr/lib/gcc/arm-none-eabi/4.9.3/armv7-m/libgcc.a(_aeabi_uldivmod.o)
 .debug_aranges
                0x0000000000000040       0x20 /usr/lib/gcc/arm-none-eabi/4.9.3/armv7-m/libgcc.a(bpabi.o)
 .debug_aranges
                0x0000000000000060       0x20 /usr/lib/gcc/arm-none-eabi/4.9.3/armv7-m/libgcc.a(_dvmd_tls.o)
 .debug_aranges
                0x0000000000000080       0x20 /usr/lib/gcc/arm-none-eabi/4.9.3/armv7-m/libgcc.a(_divdi3.o)
 .debug_aranges
                0x00000000000000a0       0x20 /usr/lib/gcc/arm-none-eabi/4.9.3/armv7-m/libgcc.a(_udivdi3.o)

.debug_pubnames
 *(.debug_pubnames)

.debug_info     0x0000000000000000      0xebf
 *(.debug_info .gnu.linkonce.wi.*)
 .debug_info    0x0000000000000000       0xb5 /usr/lib/gcc/arm-none-eabi/4.9.3/armv7-m/libgcc.a(_aeabi_ldivmod.o)
 .debug_info    0x00000000000000b5       0xb5 /usr/lib/gcc/arm-none-eabi/4.9.3/armv7-m/libgcc.a(_aeabi_uldivmod.o)
 .debug_info    0x000000000000016a      0x164 /usr/lib/gcc/arm-none-eabi/4.9.3/armv7-m/libgcc.a(bpabi.o)
 .debug_info    0x00000000000002ce       0xb9 /usr/lib/gcc/arm-none-eabi/4.9.3/armv7-m/libgcc.a(_dvmd_tls.o)
 .debug_info    0x0000000000000387      0x5bc /usr/lib/gcc/arm-none-eabi/4.9.3/armv7-m/libgcc.a(_divdi3.o)
 .debug_info    0x0000000000000943      0x57c /usr/lib/gcc/arm-none-eabi/4.9.3/armv7-m/libgcc.a(_udivdi3.o)

.debug_abbrev   0x0000000000000000      0x3b0
 *(.debug_abbrev)
 .debug_abbrev  0x0000000000000000       0x14 /usr/lib/gcc/arm-none-eabi/4.9.3/armv7-m/libgcc.a(_aeabi_ldivmod.o)
 .debug_abbrev  0x0000000000000014       0x14 /usr/lib/gcc/arm-none-eabi/4.9.3/armv7-m/libgcc.a(_aeabi_uldivmod.o)
 .debug_abbrev  0x0000000000000028       0xb7 /usr/lib/gcc/arm-none-eabi/4.9.3/armv7-m/libgcc.a(bpabi.o)
 .debug_abbrev  0x00000000000000df       0x14 /usr/lib/gcc/arm-none-eabi/4.9.3/armv7-m/libgcc.a(_dvmd_tls.o)
 .debug_abbrev  0x00000000000000f3      0x169 /usr/lib/gcc/arm-none-eabi/4.9.3/armv7-m/libgcc.a(_divdi3.o)
 .debug_abbrev  0x000000000000025c      0x154 /usr/lib/gcc/arm-none-eabi/4.9.3/armv7-m/libgcc.a(_udivdi3.o)

.debug_line     0x0000000000000000      0x33b
 *(.debug_line)
 .debug_line    0x0000000000000000       0x63 /usr/lib/gcc/arm-none-eabi/4.9.3/armv7-m/libgcc.a(_aeabi_ldivmod.o)
 .debug_line    0x0000000000000063       0x62 /usr/lib/gcc/arm-none-eabi/4.9.3/armv7-m/libgcc.a(_aeabi_uldivmod.o)
 .debug_line    0x00000000000000c5       0x64 /usr/lib/gcc/arm-none-eabi/4.9.3/armv7-m/libgcc.a(bpabi.o)
 .debug_line    0x0000000000000129       0x5e /usr/lib/gcc/arm-none-eabi/4.9.3/armv7-m/libgcc.a(_dvmd_tls.o)
 .debug_line    0x0000000000000187       0xe1 /usr/lib/gcc/arm-none-eabi/4.9.3/armv7-m/libgcc.a(_divdi3.o)
 .debug_line    0x0000000000000268       0xd3 /usr/lib/gcc/arm-none-eabi/4.9.3/armv7-m/libgcc.a(_udivdi3.o)

.debug_frame    0x0000000000000000      0x10c
 *(.debug_frame)
 .debug_frame   0x0000000000000000       0x28 /usr/lib/gcc/arm-none-eabi/4.9.3/armv7-m/libgcc.a(_aeabi_ldivmod.o)
 .debug_frame   0x0000000000000028       0x28 /usr/lib/gcc/arm-none-eabi/4.9.3/armv7-m/libgcc.a(_aeabi_uldivmod.o)
 .debug_frame   0x0000000000000050       0x54 /usr/lib/gcc/arm-none-eabi/4.9.3/armv7-m/libgcc.a(bpabi.o)
 .debug_frame   0x00000000000000a4       0x34 /usr/lib/gcc/arm-none-eabi/4.9.3/armv7-m/libgcc.a(_divdi3.o)
 .debug_frame   0x00000000000000d8       0x34 /usr/lib/gcc/arm-none-eabi/4.9.3/armv7-m/libgcc.a(_udivdi3.o)

.debug_str      0x0000000000000000      0x368
 *(.debug_str)
 .debug_str     0x0000000000000000      0x1cc /usr/lib/gcc/arm-none-eabi/4.9.3/armv7-m/libgcc.a(bpabi.o)
 .debug_str     0x00000000000001cc      0x19c /usr/lib/gcc/arm-none-eabi/4.9.3/armv7-m/libgcc.a(_divdi3.o)
                                        0x27a (size before relaxing)
 .debug_str     0x0000000000000368      0x27b /usr/lib/gcc/arm-none-eabi/4.9.3/armv7-m/libgcc.a(_udivdi3.o)

.debug_loc      0x0000000000000000     0x1bb8
 *(.debug_loc)
 .debug_loc     0x0000000000000000       0xa0 /usr/lib/gcc/arm-none-eabi/4.9.3/armv7-m/libgcc.a(bpabi.o)
 .debug_loc     0x00000000000000a0      0xdbd /usr/lib/gcc/arm-none-eabi/4.9.3/armv7-m/libgcc.a(_divdi3.o)
 .debug_loc     0x0000000000000e5d      0xd5b /usr/lib/gcc/arm-none-eabi/4.9.3/armv7-m/libgcc.a(_udivdi3.o)

.comment        0x0000000000000000       0x38
 .comment       0x0000000000000000       0x38 rgb_matrix.o
                                         0x39 (size before relaxing)
 .comment       0x0000000000000038       0x39 hwlib.o
 .comment       0x0000000000000038       0x39 main.o
 .comment       0x0000000000000038       0x39 bmptk_cortex.o
 .comment       0x0000000000000038       0x39 bmptk_heap_none.o
 .comment       0x0000000000000038       0x39 bmptk_fixed_size_stack.o
 .comment       0x0000000000000038       0x39 /usr/lib/gcc/arm-none-eabi/4.9.3/armv7-m/libgcc.a(bpabi.o)
 .comment       0x0000000000000038       0x39 /usr/lib/gcc/arm-none-eabi/4.9.3/armv7-m/libgcc.a(_divdi3.o)
 .comment       0x0000000000000038       0x39 /usr/lib/gcc/arm-none-eabi/4.9.3/armv7-m/libgcc.a(_udivdi3.o)

.debug_macinfo
 *(.debug_macinfo)

.debug_weaknames
 *(.debug_weaknames)

.debug_funcnames
 *(.debug_funcnames)

.debug_typenames
 *(.debug_typenames)

.debug_varnames
 *(.debug_varnames)

.note.gnu.arm.ident
 *(.note.gnu.arm.ident)

.ARM.attributes
                0x0000000000000000       0x33
 *(.ARM.attributes)
 .ARM.attributes
                0x0000000000000000       0x33 rgb_matrix.o
 .ARM.attributes
                0x0000000000000033       0x33 hwlib.o
 .ARM.attributes
                0x0000000000000066       0x33 main.o
 .ARM.attributes
                0x0000000000000099       0x33 bmptk_cortex.o
 .ARM.attributes
                0x00000000000000cc       0x33 bmptk_heap_none.o
 .ARM.attributes
                0x00000000000000ff       0x33 bmptk_fixed_size_stack.o
 .ARM.attributes
                0x0000000000000132       0x1d /usr/lib/gcc/arm-none-eabi/4.9.3/armv7-m/libgcc.a(_aeabi_ldivmod.o)
 .ARM.attributes
                0x000000000000014f       0x1d /usr/lib/gcc/arm-none-eabi/4.9.3/armv7-m/libgcc.a(_aeabi_uldivmod.o)
 .ARM.attributes
                0x000000000000016c       0x2d /usr/lib/gcc/arm-none-eabi/4.9.3/armv7-m/libgcc.a(bpabi.o)
 .ARM.attributes
                0x0000000000000199       0x1d /usr/lib/gcc/arm-none-eabi/4.9.3/armv7-m/libgcc.a(_dvmd_tls.o)
 .ARM.attributes
                0x00000000000001b6       0x2d /usr/lib/gcc/arm-none-eabi/4.9.3/armv7-m/libgcc.a(_divdi3.o)
 .ARM.attributes
                0x00000000000001e3       0x2d /usr/lib/gcc/arm-none-eabi/4.9.3/armv7-m/libgcc.a(_udivdi3.o)

/DISCARD/
 *(.note.GNU-stack)
                [!provide]                        PROVIDE (__text_size, (__text_end - __text_start))
                [!provide]                        PROVIDE (__exidx_size, (__exidx_end - __exidx_start))
                [!provide]                        PROVIDE (__bss_size, (__bss_end - __bss_start))
                [!provide]                        PROVIDE (__stack_size, (__stack_end - __stack_start))
                [!provide]                        PROVIDE (__heap_size, (__heap_end - __heap_start))
OUTPUT(main.elf elf32-littlearm)

.debug_ranges   0x0000000000000000      0x1e0
 .debug_ranges  0x0000000000000000       0xf0 /usr/lib/gcc/arm-none-eabi/4.9.3/armv7-m/libgcc.a(_divdi3.o)
 .debug_ranges  0x00000000000000f0       0xf0 /usr/lib/gcc/arm-none-eabi/4.9.3/armv7-m/libgcc.a(_udivdi3.o)
