Archive member included to satisfy reference by file (symbol)

/usr/lib/gcc/arm-none-eabi/4.9.3/armv7-m/libgcc.a(_aeabi_ldivmod.o)
                              hwlib.o (__aeabi_ldivmod)
/usr/lib/gcc/arm-none-eabi/4.9.3/armv7-m/libgcc.a(_aeabi_uldivmod.o)
                              hwlib.o (__aeabi_uldivmod)
/usr/lib/gcc/arm-none-eabi/4.9.3/armv7-m/libgcc.a(bpabi.o)
                              /usr/lib/gcc/arm-none-eabi/4.9.3/armv7-m/libgcc.a(_aeabi_ldivmod.o) (__gnu_ldivmod_helper)
/usr/lib/gcc/arm-none-eabi/4.9.3/armv7-m/libgcc.a(_dvmd_tls.o)
                              /usr/lib/gcc/arm-none-eabi/4.9.3/armv7-m/libgcc.a(_aeabi_ldivmod.o) (__aeabi_ldiv0)
/usr/lib/gcc/arm-none-eabi/4.9.3/armv7-m/libgcc.a(_divdi3.o)
                              /usr/lib/gcc/arm-none-eabi/4.9.3/armv7-m/libgcc.a(bpabi.o) (__divdi3)
/usr/lib/gcc/arm-none-eabi/4.9.3/armv7-m/libgcc.a(_udivdi3.o)
                              /usr/lib/gcc/arm-none-eabi/4.9.3/armv7-m/libgcc.a(bpabi.o) (__udivdi3)

Allocating common symbols
Common symbol       size              file

__dso_handle        0x4               bmptk_cortex.o

Discarded input sections

 .group         0x0000000000000000        0x8 hwlib.o
 .group         0x0000000000000000        0x8 hwlib.o
 .group         0x0000000000000000        0x8 hwlib.o
 .group         0x0000000000000000        0x8 hwlib.o
 .group         0x0000000000000000        0x8 hwlib.o
 .group         0x0000000000000000        0x8 hwlib.o
 .group         0x0000000000000000        0x8 hwlib.o
 .group         0x0000000000000000        0x8 hwlib.o
 .group         0x0000000000000000        0x8 hwlib.o
 .group         0x0000000000000000        0x8 hwlib.o
 .group         0x0000000000000000        0x8 hwlib.o
 .group         0x0000000000000000        0x8 hwlib.o
 .group         0x0000000000000000        0x8 hwlib.o
 .group         0x0000000000000000        0x8 hwlib.o
 .group         0x0000000000000000        0x8 hwlib.o
 .group         0x0000000000000000        0x8 hwlib.o
 .group         0x0000000000000000        0x8 hwlib.o
 .group         0x0000000000000000        0x8 hwlib.o
 .group         0x0000000000000000        0x8 hwlib.o
 .group         0x0000000000000000        0x8 hwlib.o
 .group         0x0000000000000000        0x8 hwlib.o
 .group         0x0000000000000000        0x8 hwlib.o
 .group         0x0000000000000000        0x8 hwlib.o
 .group         0x0000000000000000        0x8 hwlib.o
 .group         0x0000000000000000        0x8 hwlib.o
 .group         0x0000000000000000        0x8 hwlib.o
 .group         0x0000000000000000        0x8 hwlib.o
 .group         0x0000000000000000        0x8 hwlib.o
 .group         0x0000000000000000        0x8 hwlib.o
 .group         0x0000000000000000        0x8 hwlib.o
 .group         0x0000000000000000        0x8 hwlib.o
 .group         0x0000000000000000        0x8 hwlib.o
 .group         0x0000000000000000        0x8 hwlib.o
 .group         0x0000000000000000        0x8 hwlib.o
 .group         0x0000000000000000        0x8 hwlib.o
 .group         0x0000000000000000        0x8 hwlib.o
 .group         0x0000000000000000        0x8 hwlib.o
 .text          0x0000000000000000        0x0 hwlib.o
 .data          0x0000000000000000        0x0 hwlib.o
 .bss           0x0000000000000000        0x0 hwlib.o
 .text._ZN5hwlib10pin_in_out7refreshEv
                0x0000000000000000        0x2 hwlib.o
 .text._ZN5hwlib10pin_in_out5flushEv
                0x0000000000000000        0x2 hwlib.o
 .text._ZN5hwlib6pin_in7refreshEv
                0x0000000000000000        0x2 hwlib.o
 .text._ZN5hwlib6pin_oc7refreshEv
                0x0000000000000000        0x2 hwlib.o
 .text._ZN5hwlib6pin_oc5flushEv
                0x0000000000000000        0x2 hwlib.o
 .text._ZN5hwlib23_pin_in_out_dummy_class3setEbNS_9bufferingE
                0x0000000000000000        0x2 hwlib.o
 .text._ZN5hwlib23_pin_in_out_dummy_class3getENS_9bufferingE
                0x0000000000000000        0x4 hwlib.o
 .text._ZN5hwlib23_pin_in_out_dummy_class19direction_set_inputEv
                0x0000000000000000        0x2 hwlib.o
 .text._ZN5hwlib23_pin_in_out_dummy_class20direction_set_outputEv
                0x0000000000000000        0x2 hwlib.o
 .text._ZN5hwlib19_pin_in_dummy_class3getENS_9bufferingE
                0x0000000000000000        0x4 hwlib.o
 .text._ZN5hwlib19_pin_oc_dummy_class3setEbNS_9bufferingE
                0x0000000000000000        0x2 hwlib.o
 .text._ZN5hwlib19_pin_oc_dummy_class3getENS_9bufferingE
                0x0000000000000000        0x4 hwlib.o
 .text._ZNK5hwlib9image_8x818get_implementationENS_8locationE
                0x0000000000000000       0x4c hwlib.o
 .text._ZN3due6pin_in3getEN5hwlib9bufferingE
                0x0000000000000000       0x10 hwlib.o
 .text._ZN5hwlib7ostream6fillerEi
                0x0000000000000000       0x1a hwlib.o
 .text._ZN5hwliblsERNS_7ostreamEPKc
                0x0000000000000000       0x54 hwlib.o
 .text._ZN5hwliblsERNS_7ostreamEx
                0x0000000000000000       0xfc hwlib.o
 .text._ZN5hwliblsERNS_7ostreamENS_8locationE
                0x0000000000000000       0x3c hwlib.o
 .text._ZN5hwlib6window5writeENS_8locationENS_5colorENS_9bufferingE
                0x0000000000000000       0x36 hwlib.o
 .text._ZN5hwlib4line4drawERNS_6windowENS_9bufferingE
                0x0000000000000000       0x82 hwlib.o
 .text._ZN5hwlib6circle4drawERNS_6windowENS_9bufferingE
                0x0000000000000000      0x32c hwlib.o
 .text._ZN5hwlib4randEv
                0x0000000000000000       0x20 hwlib.o
 .text._ZN5hwlib15random_in_rangeEjj
                0x0000000000000000       0x1a hwlib.o
 .text._ZN3due11ad_pin_infoENS_7ad_pinsE
                0x0000000000000000       0x1c hwlib.o
 .text._ZN3due11ad_seq_infoEm
                0x0000000000000000       0x20 hwlib.o
 .text._ZN3due6now_usEv
                0x0000000000000000       0x70 hwlib.o
 .text._ZN5hwlib7wait_nsEi
                0x0000000000000000       0x14 hwlib.o
 .text._ZN5hwlib5blinkERNS_7pin_outEj
                0x0000000000000000       0x2c hwlib.o
 .text._ZN5hwlib4kittERNS_11port_in_outEj
                0x0000000000000000       0x56 hwlib.o
 .text._ZN5hwlib4kittERNS_8port_outEj
                0x0000000000000000       0x50 hwlib.o
 .text._ZN5hwlib4kittERNS_7port_ocEj
                0x0000000000000000       0x50 hwlib.o
 .text._ZN5hwlib21graphics_random_linesERNS_6windowEj
                0x0000000000000000       0xf8 hwlib.o
 .text._ZN5hwlib23graphics_random_circlesERNS_6windowEj
                0x0000000000000000       0x90 hwlib.o
 .text._ZN5hwlib12dac_triangleERNS_3dacEj
                0x0000000000000000       0x36 hwlib.o
 .text._ZN5hwlib6now_usEv
                0x0000000000000000        0x8 hwlib.o
 .text._ZN5hwlib24uart_getc_bit_banged_pinERNS_6pin_inE
                0x0000000000000000       0x70 hwlib.o
 .text._ZN5hwlib9uart_getcEv
                0x0000000000000000       0x38 hwlib.o
 .text._ZN5hwlib19cin_using_uart_getc4getcEv
                0x0000000000000000        0x8 hwlib.o
 .rodata._ZTVN5hwlib23_pin_in_out_dummy_classE
                0x0000000000000000       0x20 hwlib.o
 .rodata._ZTVN5hwlib19_pin_in_dummy_classE
                0x0000000000000000       0x10 hwlib.o
 .rodata._ZTVN5hwlib19_pin_oc_dummy_classE
                0x0000000000000000       0x18 hwlib.o
 .rodata._ZTVN5hwlib19cin_using_uart_getcE
                0x0000000000000000        0xc hwlib.o
 .rodata._ZTVN5hwlib9image_8x8E
                0x0000000000000000        0xc hwlib.o
 .rodata._ZTVN5hwlib4lineE
                0x0000000000000000        0xc hwlib.o
 .rodata._ZTVN5hwlib6circleE
                0x0000000000000000        0xc hwlib.o
 .rodata._ZTVN3due6pin_inE
                0x0000000000000000       0x10 hwlib.o
 .data._ZN5hwlib15font_16x16_dataE
                0x0000000000000000      0xbe4 hwlib.o
 .data._ZN5hwlib3cinE
                0x0000000000000000        0x4 hwlib.o
 .bss._ZGVZN5hwlib9uart_getcEvE3pin
                0x0000000000000000        0x4 hwlib.o
 .bss._ZZN5hwlib9uart_getcEvE3pin
                0x0000000000000000        0xc hwlib.o
 .rodata._ZN5hwlibL5blackE
                0x0000000000000000        0x4 hwlib.o
 .bss._ZZN5hwlib4randEvE1n
                0x0000000000000000        0x4 hwlib.o
 .data._ZN5hwlib12pin_oc_dummyE
                0x0000000000000000        0x4 hwlib.o
 .bss._ZZN3due6now_usEvE8last_low
                0x0000000000000000        0x4 hwlib.o
 .rodata._ZZN3due11ad_pin_infoENS_7ad_pinsEE17ad_pin_info_array
                0x0000000000000000        0xc hwlib.o
 .bss._ZZN3due6now_usEvE9init_done
                0x0000000000000000        0x1 hwlib.o
 .rodata._ZZN3due11ad_seq_infoEmE12ad_seq_array
                0x0000000000000000       0x70 hwlib.o
 .data._ZN5hwlib12pin_in_dummyE
                0x0000000000000000        0x4 hwlib.o
 .bss._ZZN3due6now_usEvE4high
                0x0000000000000000        0x8 hwlib.o
 .rodata._ZN5hwlibL5whiteE
                0x0000000000000000        0x4 hwlib.o
 .rodata._ZN5hwlib16font_default_8x86imagesE
                0x0000000000000000      0xa00 hwlib.o
 .data._ZN5hwlib16pin_in_out_dummyE
                0x0000000000000000        0x4 hwlib.o
 .group         0x0000000000000000        0x8 main.o
 .group         0x0000000000000000        0x8 main.o
 .group         0x0000000000000000        0x8 main.o
 .group         0x0000000000000000        0x8 main.o
 .group         0x0000000000000000        0x8 main.o
 .group         0x0000000000000000        0x8 main.o
 .group         0x0000000000000000        0x8 main.o
 .group         0x0000000000000000        0x8 main.o
 .group         0x0000000000000000        0x8 main.o
 .group         0x0000000000000000        0x8 main.o
 .group         0x0000000000000000        0x8 main.o
 .group         0x0000000000000000        0x8 main.o
 .group         0x0000000000000000        0x8 main.o
 .group         0x0000000000000000        0x8 main.o
 .group         0x0000000000000000        0x8 main.o
 .group         0x0000000000000000        0x8 main.o
 .group         0x0000000000000000        0x8 main.o
 .group         0x0000000000000000        0x8 main.o
 .text          0x0000000000000000        0x0 main.o
 .data          0x0000000000000000        0x0 main.o
 .bss           0x0000000000000000        0x0 main.o
 .text._ZN5hwlib6pin_in7refreshEv
                0x0000000000000000        0x2 main.o
 .text._ZN5hwlib7pin_out5flushEv
                0x0000000000000000        0x2 main.o
 .text._ZN3due6pin_in3getEN5hwlib9bufferingE
                0x0000000000000000       0x10 main.o
 .text._ZN3due7pin_out3setEbN5hwlib9bufferingE
                0x0000000000000000        0xe main.o
 .text._ZN3due8pin_infoENS_4pinsE
                0x0000000000000000       0x20 main.o
 .text._ZN3due11ad_pin_infoENS_7ad_pinsE
                0x0000000000000000       0x1c main.o
 .text._ZN3due11ad_seq_infoEm
                0x0000000000000000       0x20 main.o
 .text._ZN3due14port_registersEm
                0x0000000000000000       0x48 main.o
 .text._ZN3due6now_usEv
                0x0000000000000000       0x70 main.o
 .text._ZN5hwlib7wait_usEi
                0x0000000000000000       0x28 main.o
 .text._ZN5hwlib7wait_nsEi
                0x0000000000000000       0x14 main.o
 .text._ZN5hwlib7wait_msEi
                0x0000000000000000       0x16 main.o
 .text._ZN5hwlib9uart_putcEc
                0x0000000000000000       0x40 main.o
 .text._ZN5hwlib9uart_getcEv
                0x0000000000000000       0x3c main.o
 .text._ZN5hwlib6now_usEv
                0x0000000000000000        0x8 main.o
 .rodata._ZTVN3due6pin_inE
                0x0000000000000000       0x10 main.o
 .rodata._ZTVN3due7pin_outE
                0x0000000000000000       0x10 main.o
 .bss._ZZN5hwlib9uart_getcEvE3pin
                0x0000000000000000        0xc main.o
 .bss._ZZN5hwlib9uart_putcEcE3pin
                0x0000000000000000        0xc main.o
 .bss._ZGVZN5hwlib9uart_putcEcE3pin
                0x0000000000000000        0x4 main.o
 .bss._ZZN3due6now_usEvE8last_low
                0x0000000000000000        0x4 main.o
 .rodata._ZZN3due11ad_pin_infoENS_7ad_pinsEE17ad_pin_info_array
                0x0000000000000000        0xc main.o
 .rodata._ZZN3due11ad_seq_infoEmE12ad_seq_array
                0x0000000000000000       0x70 main.o
 .bss._ZZN3due6now_usEvE4high
                0x0000000000000000        0x8 main.o
 .rodata._ZZN3due8pin_infoENS_4pinsEE14pin_info_array
                0x0000000000000000       0xa4 main.o
 .bss._ZGVZN5hwlib9uart_getcEvE3pin
                0x0000000000000000        0x4 main.o
 .bss._ZZN3due6now_usEvE9init_done
                0x0000000000000000        0x1 main.o
 .text          0x0000000000000000        0x0 bmptk_cortex.o
 .data          0x0000000000000000        0x0 bmptk_cortex.o
 .bss           0x0000000000000000        0x0 bmptk_cortex.o
 .text.__aeabi_idiv0
                0x0000000000000000        0x4 bmptk_cortex.o
 .text.__cxa_pure_virtual
                0x0000000000000000        0x2 bmptk_cortex.o
 COMMON         0x0000000000000000        0x4 bmptk_cortex.o
 .text          0x0000000000000000        0x0 bmptk_heap_none.o
 .data          0x0000000000000000        0x0 bmptk_heap_none.o
 .bss           0x0000000000000000        0x0 bmptk_heap_none.o
 .text.malloc   0x0000000000000000        0xa bmptk_heap_none.o
 .text.free     0x0000000000000000        0x4 bmptk_heap_none.o
 .text          0x0000000000000000        0x0 bmptk_fixed_size_stack.o
 .data          0x0000000000000000        0x0 bmptk_fixed_size_stack.o
 .bss           0x0000000000000000        0x0 bmptk_fixed_size_stack.o
 .text          0x0000000000000000       0x38 /usr/lib/gcc/arm-none-eabi/4.9.3/armv7-m/libgcc.a(_aeabi_ldivmod.o)
 .data          0x0000000000000000        0x0 /usr/lib/gcc/arm-none-eabi/4.9.3/armv7-m/libgcc.a(_aeabi_ldivmod.o)
 .bss           0x0000000000000000        0x0 /usr/lib/gcc/arm-none-eabi/4.9.3/armv7-m/libgcc.a(_aeabi_ldivmod.o)
 .text          0x0000000000000000       0x30 /usr/lib/gcc/arm-none-eabi/4.9.3/armv7-m/libgcc.a(_aeabi_uldivmod.o)
 .data          0x0000000000000000        0x0 /usr/lib/gcc/arm-none-eabi/4.9.3/armv7-m/libgcc.a(_aeabi_uldivmod.o)
 .bss           0x0000000000000000        0x0 /usr/lib/gcc/arm-none-eabi/4.9.3/armv7-m/libgcc.a(_aeabi_uldivmod.o)
 .text          0x0000000000000000       0x60 /usr/lib/gcc/arm-none-eabi/4.9.3/armv7-m/libgcc.a(bpabi.o)
 .data          0x0000000000000000        0x0 /usr/lib/gcc/arm-none-eabi/4.9.3/armv7-m/libgcc.a(bpabi.o)
 .bss           0x0000000000000000        0x0 /usr/lib/gcc/arm-none-eabi/4.9.3/armv7-m/libgcc.a(bpabi.o)
 .text          0x0000000000000000        0x4 /usr/lib/gcc/arm-none-eabi/4.9.3/armv7-m/libgcc.a(_dvmd_tls.o)
 .data          0x0000000000000000        0x0 /usr/lib/gcc/arm-none-eabi/4.9.3/armv7-m/libgcc.a(_dvmd_tls.o)
 .bss           0x0000000000000000        0x0 /usr/lib/gcc/arm-none-eabi/4.9.3/armv7-m/libgcc.a(_dvmd_tls.o)
 .text          0x0000000000000000      0x2ac /usr/lib/gcc/arm-none-eabi/4.9.3/armv7-m/libgcc.a(_divdi3.o)
 .data          0x0000000000000000        0x0 /usr/lib/gcc/arm-none-eabi/4.9.3/armv7-m/libgcc.a(_divdi3.o)
 .bss           0x0000000000000000        0x0 /usr/lib/gcc/arm-none-eabi/4.9.3/armv7-m/libgcc.a(_divdi3.o)
 .ARM.extab     0x0000000000000000        0x0 /usr/lib/gcc/arm-none-eabi/4.9.3/armv7-m/libgcc.a(_divdi3.o)
 .ARM.exidx     0x0000000000000000        0x8 /usr/lib/gcc/arm-none-eabi/4.9.3/armv7-m/libgcc.a(_divdi3.o)
 .text          0x0000000000000000      0x270 /usr/lib/gcc/arm-none-eabi/4.9.3/armv7-m/libgcc.a(_udivdi3.o)
 .data          0x0000000000000000        0x0 /usr/lib/gcc/arm-none-eabi/4.9.3/armv7-m/libgcc.a(_udivdi3.o)
 .bss           0x0000000000000000        0x0 /usr/lib/gcc/arm-none-eabi/4.9.3/armv7-m/libgcc.a(_udivdi3.o)
 .ARM.extab     0x0000000000000000        0x0 /usr/lib/gcc/arm-none-eabi/4.9.3/armv7-m/libgcc.a(_udivdi3.o)
 .ARM.exidx     0x0000000000000000        0x8 /usr/lib/gcc/arm-none-eabi/4.9.3/armv7-m/libgcc.a(_udivdi3.o)

Memory Configuration

Name             Origin             Length             Attributes
rom              0x0000000000000000 0x0000000000080000 xr
ram              0x0000000020000000 0x0000000000018000 xrw
nul              0x0000000020000000 0x0000000000000000 xrw
*default*        0x0000000000000000 0xffffffffffffffff

Linker script and memory map

LOAD /usr/lib/gcc/arm-none-eabi/4.9.3/armv7-m/libgcc.a
LOAD hwlib.o
LOAD main.o
LOAD bmptk_cortex.o
LOAD bmptk_heap_none.o
LOAD bmptk_fixed_size_stack.o
LOAD /usr/lib/gcc/arm-none-eabi/4.9.3/../../../arm-none-eabi/lib/armv7-m/libstdc++.a
LOAD /usr/lib/gcc/arm-none-eabi/4.9.3/../../../arm-none-eabi/lib/armv7-m/libm.a
START GROUP
LOAD /usr/lib/gcc/arm-none-eabi/4.9.3/armv7-m/libgcc.a
LOAD /usr/lib/gcc/arm-none-eabi/4.9.3/../../../arm-none-eabi/lib/armv7-m/libc.a
END GROUP
                0x0000000000000000                __rom_start = ORIGIN (rom)
                0x0000000000080000                __rom_size = LENGTH (rom)
                0x0000000000080000                __rom_end = (__rom_start + __rom_size)
                0x0000000020000000                __ram_start = ORIGIN (ram)
                0x0000000000018000                __ram_size = LENGTH (ram)
                0x0000000020018000                __ram_end = (__ram_start + __ram_size)
                [!provide]                        PROVIDE (__rom_start, __rom_start)
                [!provide]                        PROVIDE (__rom_size, __rom_size)
                [!provide]                        PROVIDE (__rom_end, __rom_end)
                [!provide]                        PROVIDE (__ram_start, __ram_start)
                [!provide]                        PROVIDE (__ram_size, __ram_size)
                [!provide]                        PROVIDE (__ram_end, __ram_end)

.text           0x0000000000000000      0x6ec
                0x0000000000000000                . = ALIGN (0x4)
                0x0000000000000000                __text_start = .
                [!provide]                        PROVIDE (__text_start, __text_start)
                0x0000000000000000                . = ALIGN (0x4)
 *(.vectors)
 .vectors       0x0000000000000000       0x20 bmptk_cortex.o
                0x0000000000000000                __vectors
                0x0000000000000020                . = ALIGN (0x4)
 *(.text .text.* .gnu.linkonce.t.*)
 .text._ZN5hwlib7pin_out5flushEv
                0x0000000000000020        0x2 hwlib.o
                0x0000000000000020                hwlib::pin_out::flush()
 .text._ZN5hwlib20_pin_out_dummy_class3setEbNS_9bufferingE
                0x0000000000000022        0x2 hwlib.o
                0x0000000000000022                hwlib::_pin_out_dummy_class::set(bool, hwlib::buffering)
 .text._ZN5hwlib7ostream5flushEv
                0x0000000000000024        0x2 hwlib.o
                0x0000000000000024                hwlib::ostream::flush()
 .text._ZN3due7pin_out3setEbN5hwlib9bufferingE
                0x0000000000000026        0xe hwlib.o
                0x0000000000000026                due::pin_out::set(bool, hwlib::buffering)
 .text._ZN5hwlib5panicEPKcj
                0x0000000000000034        0x2 hwlib.o
                0x0000000000000034                hwlib::panic(char const*, unsigned int)
 *fill*         0x0000000000000036        0x2 
 .text._ZN3due8pin_infoENS_4pinsE
                0x0000000000000038       0x20 hwlib.o
                0x0000000000000038                due::pin_info(due::pins)
 .text._ZN3due14port_registersEm
                0x0000000000000058       0x48 hwlib.o
                0x0000000000000058                due::port_registers(unsigned long)
 .text._ZN5hwlib7wait_usEi
                0x00000000000000a0       0x28 hwlib.o
                0x00000000000000a0                hwlib::wait_us(int)
 .text._ZN5hwlib24uart_putc_bit_banged_pinEcRNS_7pin_outE
                0x00000000000000c8       0x64 hwlib.o
                0x00000000000000c8                hwlib::uart_putc_bit_banged_pin(char, hwlib::pin_out&)
 .text._ZN5hwlib7wait_msEi
                0x000000000000012c       0x16 hwlib.o
                0x000000000000012c                hwlib::wait_ms(int)
 *fill*         0x0000000000000142        0x2 
 .text._ZN5hwlib9uart_putcEc
                0x0000000000000144       0x3c hwlib.o
                0x0000000000000144                hwlib::uart_putc(char)
 .text._ZN5hwlib20cout_using_uart_putc4putcEc
                0x0000000000000180        0xa hwlib.o
                0x0000000000000180                hwlib::cout_using_uart_putc::putc(char)
 .text._ZN5hwlib8port_out5flushEv
                0x000000000000018a        0x2 main.o
                0x000000000000018a                hwlib::port_out::flush()
 .text._ZN5hwlib18port_out_from_pins14number_of_pinsEv
                0x000000000000018c        0x4 main.o
                0x000000000000018c                hwlib::port_out_from_pins::number_of_pins()
 .text._ZN5hwlib18port_out_from_pins3setEjNS_9bufferingE
                0x0000000000000190       0x28 main.o
                0x0000000000000190                hwlib::port_out_from_pins::set(unsigned int, hwlib::buffering)
 .text._ZN8rgb_port14number_of_pinsEv
                0x00000000000001b8        0x4 main.o
                0x00000000000001b8                rgb_port::number_of_pins()
 .text._ZN8rgb_port3setEjN5hwlib9bufferingE
                0x00000000000001bc       0x34 main.o
                0x00000000000001bc                rgb_port::set(unsigned int, hwlib::buffering)
 .text._ZN5hwlib7ostreamlsEc
                0x00000000000001f0        0xe main.o
                0x00000000000001f0                hwlib::ostream::operator<<(char)
 *fill*         0x00000000000001fe        0x2 
 .text._ZN3due7pin_outC2ENS_4pinsE
                0x0000000000000200       0x34 main.o
                0x0000000000000200                due::pin_out::pin_out(due::pins)
                0x0000000000000200                due::pin_out::pin_out(due::pins)
 .text._ZN10rgb_matrix16wait_half_periodEv
                0x0000000000000234        0xa main.o
                0x0000000000000234                rgb_matrix::wait_half_period()
 .text._ZN10rgb_matrix11window_partC2ER8rgb_port
                0x000000000000023e       0x54 main.o
                0x000000000000023e                rgb_matrix::window_part::window_part(rgb_port&)
                0x000000000000023e                rgb_matrix::window_part::window_part(rgb_port&)
 .text._ZN10rgb_matrix6window5flushEv
                0x0000000000000292       0xe4 main.o
                0x0000000000000292                rgb_matrix::window::flush()
 *fill*         0x0000000000000376        0x2 
 .text.startup.main
                0x0000000000000378      0x1b4 main.o
                0x0000000000000378                main
 .text.__startup
                0x000000000000052c       0x48 bmptk_cortex.o
                0x000000000000052c                __startup
                0x0000000000000574                . = ALIGN (0x4)
 *(.glue_7t .glue_7)
 .glue_7        0x0000000000000574        0x0 linker stubs
 .glue_7t       0x0000000000000574        0x0 linker stubs
                0x0000000000000574                . = ALIGN (0x4)
 *(.rodata .rodata.* .gnu.linkonce.r.*)
 *fill*         0x0000000000000574        0x4 
 .rodata._ZTVN5hwlib20_pin_out_dummy_classE
                0x0000000000000578       0x10 hwlib.o
                0x0000000000000578                vtable for hwlib::_pin_out_dummy_class
 .rodata._ZTVN5hwlib20cout_using_uart_putcE
                0x0000000000000588       0x10 hwlib.o
                0x0000000000000588                vtable for hwlib::cout_using_uart_putc
 .rodata._ZTVN3due7pin_outE
                0x0000000000000598       0x10 hwlib.o
                0x0000000000000598                vtable for due::pin_out
 .rodata.str1.1
                0x00000000000005a8       0x4f hwlib.o
 .rodata._ZZN3due8pin_infoENS_4pinsEE14pin_info_array
                0x00000000000005f7       0xa4 hwlib.o
 *fill*         0x000000000000069b        0x5 
 .rodata._ZTVN5hwlib18port_out_from_pinsE
                0x00000000000006a0       0x14 main.o
                0x00000000000006a0                vtable for hwlib::port_out_from_pins
 *fill*         0x00000000000006b4        0x4 
 .rodata._ZTV12address_port
                0x00000000000006b8       0x14 main.o
                0x00000000000006b8                vtable for address_port
 *fill*         0x00000000000006cc        0x4 
 .rodata._ZTV8rgb_port
                0x00000000000006d0       0x14 main.o
                0x00000000000006d0                vtable for rgb_port
 .rodata.str1.1
                0x00000000000006e4        0x8 main.o
                                         0x51 (size before relaxing)
                0x00000000000006ec                . = ALIGN (0x4)
 *(.ARM.extab* .gnu.linkonce.armextab.*)
                0x00000000000006ec                . = ALIGN (0x4)
 *(.gcc_except_table)
                0x00000000000006ec                . = ALIGN (0x4)
 *(.eh_frame_hdr)
                0x00000000000006ec                . = ALIGN (0x4)
 *(.eh_frame)
                0x00000000000006ec                . = ALIGN (0x4)
                0x00000000000006ec                __text_end = .
                [!provide]                        PROVIDE (__text_end, __text_end)

.vfp11_veneer   0x00000000000006ec        0x0
 .vfp11_veneer  0x00000000000006ec        0x0 linker stubs

.v4_bx          0x00000000000006ec        0x0
 .v4_bx         0x00000000000006ec        0x0 linker stubs

.iplt           0x00000000000006ec        0x0
 .iplt          0x00000000000006ec        0x0 hwlib.o

.rel.dyn        0x00000000000006ec        0x0
 .rel.iplt      0x00000000000006ec        0x0 hwlib.o

.IF_YOU_SEE_THIS_YOU_HAVE_ONE_OR_MORE_GLOBAL_OBJECT_CONSTRUCTORS
 *(.init)
 *(.preinit_array)
 *(SORT(.init_array.*))
 *(.init_array)
                0x00000000000006ec                . = ALIGN (0x4)
                0x00000000000006ec                __exidx_start = .
                [!provide]                        PROVIDE (__exidx_start, __exidx_start)

.ARM.exidx
 *(.ARM.exidx* .gnu.linkonce.armexidx.*)
                0x00000000000006ec                . = ALIGN (0x4)
                0x00000000000006ec                __exidx_end = .
                [!provide]                        PROVIDE (__exidx_end, __exidx_end)

.bss            0x0000000020000000    0x12010
                0x0000000020000000                . = ALIGN (0x4)
                0x0000000020000000                __stack_start = .
                [!provide]                        PROVIDE (__stack_start, __stack_start)
                0x0000000020000000                . = ALIGN (0x4)
 *(.bmptk_stack)
 .bmptk_stack   0x0000000020000000    0x12000 bmptk_fixed_size_stack.o
                0x0000000020000000                bmptk_stack
                0x0000000020012000                . = ALIGN (0x8)
                0x0000000020012000                __main_stack_end = .
                [!provide]                        PROVIDE (__main_stack_end, __main_stack_end)
                0x0000000020012000                . = ALIGN (0x4)
                0x0000000020012000                __stack_end = .
                [!provide]                        PROVIDE (__stack_end, __stack_end)
                0x0000000020012000                . = ALIGN (0x4)
                0x0000000020012000                __bss_start = .
                [!provide]                        PROVIDE (__bss_start, __bss_start)
                0x0000000020012000                . = ALIGN (0x4)
 *(.bss .bss.* .gnu.linkonce.b.*)
 .bss._ZGVZN5hwlib9uart_putcEcE3pin
                0x0000000020012000        0x4 hwlib.o
 .bss._ZZN5hwlib9uart_putcEcE3pin
                0x0000000020012004        0xc hwlib.o
                0x0000000020012010                . = ALIGN (0x4)
 *(COMMON)
                0x0000000020012010                . = ALIGN (0x4)
                0x0000000020012010                __bss_end = .
                [!provide]                        PROVIDE (__bss_end, __bss_end)

.data           0x0000000020012010       0x18 load address 0x00000000000006ec
                0x0000000020012010                . = ALIGN (0x4)
                0x00000000000006ec                __data_init_start = LOADADDR (.data)
                [!provide]                        PROVIDE (__data_init_start, __data_init_start)
                0x0000000020012010                __data_start = .
                [!provide]                        PROVIDE (__data_start, __data_start)
                0x0000000020012010                . = ALIGN (0x4)
 *(.data .data.* .gnu.linkonce.d.*)
 .data._ZN5hwlib4coutE
                0x0000000020012010       0x14 hwlib.o
                0x0000000020012010                hwlib::cout
 .data._ZN5hwlib13pin_out_dummyE
                0x0000000020012024        0x4 hwlib.o
                0x0000000020012024                hwlib::pin_out_dummy
                0x0000000020012028                . = ALIGN (0x4)
                0x0000000020012028                __data_end = .
                [!provide]                        PROVIDE (__data_end, __data_end)
                0x00000000000006ec                __data_init_end = LOADADDR (.data)
                [!provide]                        PROVIDE (__data_init_end, __data_init_end)
                0x0000000000000018                PROVIDE (__data_size, (__data_end - __data_start))
                0x0000000000000018                PROVIDE (__data_init_size, __data_size)
                [!provide]                        PROVIDE (__data_init_end, (__data_init_start + __data_init_size))

.igot.plt       0x0000000020012028        0x0 load address 0x0000000000000704
 .igot.plt      0x0000000020012028        0x0 hwlib.o
                0x0000000020012028                . = ALIGN (0x4)
                0x0000000020012028                __heap_start = .
                [!provide]                        PROVIDE (__heap_start, __heap_start)
                0x0000000020012028                . = ALIGN (0x4)
                0x0000000020018000                __heap_end = __ram_end
                [!provide]                        PROVIDE (__heap_end, __heap_end)

.stab
 *(.stab)

.stabstr
 *(.stabstr)

.debug
 *(.debug)

.line
 *(.line)

.debug_srcinfo
 *(.debug_srcinfo)

.debug_sfnames
 *(.debug_sfnames)

.debug_aranges  0x0000000000000000       0xc0
 *(.debug_aranges)
 .debug_aranges
                0x0000000000000000       0x20 /usr/lib/gcc/arm-none-eabi/4.9.3/armv7-m/libgcc.a(_aeabi_ldivmod.o)
 .debug_aranges
                0x0000000000000020       0x20 /usr/lib/gcc/arm-none-eabi/4.9.3/armv7-m/libgcc.a(_aeabi_uldivmod.o)
 .debug_aranges
                0x0000000000000040       0x20 /usr/lib/gcc/arm-none-eabi/4.9.3/armv7-m/libgcc.a(bpabi.o)
 .debug_aranges
                0x0000000000000060       0x20 /usr/lib/gcc/arm-none-eabi/4.9.3/armv7-m/libgcc.a(_dvmd_tls.o)
 .debug_aranges
                0x0000000000000080       0x20 /usr/lib/gcc/arm-none-eabi/4.9.3/armv7-m/libgcc.a(_divdi3.o)
 .debug_aranges
                0x00000000000000a0       0x20 /usr/lib/gcc/arm-none-eabi/4.9.3/armv7-m/libgcc.a(_udivdi3.o)

.debug_pubnames
 *(.debug_pubnames)

.debug_info     0x0000000000000000      0xebf
 *(.debug_info .gnu.linkonce.wi.*)
 .debug_info    0x0000000000000000       0xb5 /usr/lib/gcc/arm-none-eabi/4.9.3/armv7-m/libgcc.a(_aeabi_ldivmod.o)
 .debug_info    0x00000000000000b5       0xb5 /usr/lib/gcc/arm-none-eabi/4.9.3/armv7-m/libgcc.a(_aeabi_uldivmod.o)
 .debug_info    0x000000000000016a      0x164 /usr/lib/gcc/arm-none-eabi/4.9.3/armv7-m/libgcc.a(bpabi.o)
 .debug_info    0x00000000000002ce       0xb9 /usr/lib/gcc/arm-none-eabi/4.9.3/armv7-m/libgcc.a(_dvmd_tls.o)
 .debug_info    0x0000000000000387      0x5bc /usr/lib/gcc/arm-none-eabi/4.9.3/armv7-m/libgcc.a(_divdi3.o)
 .debug_info    0x0000000000000943      0x57c /usr/lib/gcc/arm-none-eabi/4.9.3/armv7-m/libgcc.a(_udivdi3.o)

.debug_abbrev   0x0000000000000000      0x3b0
 *(.debug_abbrev)
 .debug_abbrev  0x0000000000000000       0x14 /usr/lib/gcc/arm-none-eabi/4.9.3/armv7-m/libgcc.a(_aeabi_ldivmod.o)
 .debug_abbrev  0x0000000000000014       0x14 /usr/lib/gcc/arm-none-eabi/4.9.3/armv7-m/libgcc.a(_aeabi_uldivmod.o)
 .debug_abbrev  0x0000000000000028       0xb7 /usr/lib/gcc/arm-none-eabi/4.9.3/armv7-m/libgcc.a(bpabi.o)
 .debug_abbrev  0x00000000000000df       0x14 /usr/lib/gcc/arm-none-eabi/4.9.3/armv7-m/libgcc.a(_dvmd_tls.o)
 .debug_abbrev  0x00000000000000f3      0x169 /usr/lib/gcc/arm-none-eabi/4.9.3/armv7-m/libgcc.a(_divdi3.o)
 .debug_abbrev  0x000000000000025c      0x154 /usr/lib/gcc/arm-none-eabi/4.9.3/armv7-m/libgcc.a(_udivdi3.o)

.debug_line     0x0000000000000000      0x33b
 *(.debug_line)
 .debug_line    0x0000000000000000       0x63 /usr/lib/gcc/arm-none-eabi/4.9.3/armv7-m/libgcc.a(_aeabi_ldivmod.o)
 .debug_line    0x0000000000000063       0x62 /usr/lib/gcc/arm-none-eabi/4.9.3/armv7-m/libgcc.a(_aeabi_uldivmod.o)
 .debug_line    0x00000000000000c5       0x64 /usr/lib/gcc/arm-none-eabi/4.9.3/armv7-m/libgcc.a(bpabi.o)
 .debug_line    0x0000000000000129       0x5e /usr/lib/gcc/arm-none-eabi/4.9.3/armv7-m/libgcc.a(_dvmd_tls.o)
 .debug_line    0x0000000000000187       0xe1 /usr/lib/gcc/arm-none-eabi/4.9.3/armv7-m/libgcc.a(_divdi3.o)
 .debug_line    0x0000000000000268       0xd3 /usr/lib/gcc/arm-none-eabi/4.9.3/armv7-m/libgcc.a(_udivdi3.o)

.debug_frame    0x0000000000000000      0x10c
 *(.debug_frame)
 .debug_frame   0x0000000000000000       0x28 /usr/lib/gcc/arm-none-eabi/4.9.3/armv7-m/libgcc.a(_aeabi_ldivmod.o)
 .debug_frame   0x0000000000000028       0x28 /usr/lib/gcc/arm-none-eabi/4.9.3/armv7-m/libgcc.a(_aeabi_uldivmod.o)
 .debug_frame   0x0000000000000050       0x54 /usr/lib/gcc/arm-none-eabi/4.9.3/armv7-m/libgcc.a(bpabi.o)
 .debug_frame   0x00000000000000a4       0x34 /usr/lib/gcc/arm-none-eabi/4.9.3/armv7-m/libgcc.a(_divdi3.o)
 .debug_frame   0x00000000000000d8       0x34 /usr/lib/gcc/arm-none-eabi/4.9.3/armv7-m/libgcc.a(_udivdi3.o)

.debug_str      0x0000000000000000      0x368
 *(.debug_str)
 .debug_str     0x0000000000000000      0x1cc /usr/lib/gcc/arm-none-eabi/4.9.3/armv7-m/libgcc.a(bpabi.o)
 .debug_str     0x00000000000001cc      0x19c /usr/lib/gcc/arm-none-eabi/4.9.3/armv7-m/libgcc.a(_divdi3.o)
                                        0x27a (size before relaxing)
 .debug_str     0x0000000000000368      0x27b /usr/lib/gcc/arm-none-eabi/4.9.3/armv7-m/libgcc.a(_udivdi3.o)

.debug_loc      0x0000000000000000     0x1bb8
 *(.debug_loc)
 .debug_loc     0x0000000000000000       0xa0 /usr/lib/gcc/arm-none-eabi/4.9.3/armv7-m/libgcc.a(bpabi.o)
 .debug_loc     0x00000000000000a0      0xdbd /usr/lib/gcc/arm-none-eabi/4.9.3/armv7-m/libgcc.a(_divdi3.o)
 .debug_loc     0x0000000000000e5d      0xd5b /usr/lib/gcc/arm-none-eabi/4.9.3/armv7-m/libgcc.a(_udivdi3.o)

.comment        0x0000000000000000       0x38
 .comment       0x0000000000000000       0x38 hwlib.o
                                         0x39 (size before relaxing)
 .comment       0x0000000000000038       0x39 main.o
 .comment       0x0000000000000038       0x39 bmptk_cortex.o
 .comment       0x0000000000000038       0x39 bmptk_heap_none.o
 .comment       0x0000000000000038       0x39 bmptk_fixed_size_stack.o
 .comment       0x0000000000000038       0x39 /usr/lib/gcc/arm-none-eabi/4.9.3/armv7-m/libgcc.a(bpabi.o)
 .comment       0x0000000000000038       0x39 /usr/lib/gcc/arm-none-eabi/4.9.3/armv7-m/libgcc.a(_divdi3.o)
 .comment       0x0000000000000038       0x39 /usr/lib/gcc/arm-none-eabi/4.9.3/armv7-m/libgcc.a(_udivdi3.o)

.debug_macinfo
 *(.debug_macinfo)

.debug_weaknames
 *(.debug_weaknames)

.debug_funcnames
 *(.debug_funcnames)

.debug_typenames
 *(.debug_typenames)

.debug_varnames
 *(.debug_varnames)

.note.gnu.arm.ident
 *(.note.gnu.arm.ident)

.ARM.attributes
                0x0000000000000000       0x33
 *(.ARM.attributes)
 .ARM.attributes
                0x0000000000000000       0x33 hwlib.o
 .ARM.attributes
                0x0000000000000033       0x33 main.o
 .ARM.attributes
                0x0000000000000066       0x33 bmptk_cortex.o
 .ARM.attributes
                0x0000000000000099       0x33 bmptk_heap_none.o
 .ARM.attributes
                0x00000000000000cc       0x33 bmptk_fixed_size_stack.o
 .ARM.attributes
                0x00000000000000ff       0x1d /usr/lib/gcc/arm-none-eabi/4.9.3/armv7-m/libgcc.a(_aeabi_ldivmod.o)
 .ARM.attributes
                0x000000000000011c       0x1d /usr/lib/gcc/arm-none-eabi/4.9.3/armv7-m/libgcc.a(_aeabi_uldivmod.o)
 .ARM.attributes
                0x0000000000000139       0x2d /usr/lib/gcc/arm-none-eabi/4.9.3/armv7-m/libgcc.a(bpabi.o)
 .ARM.attributes
                0x0000000000000166       0x1d /usr/lib/gcc/arm-none-eabi/4.9.3/armv7-m/libgcc.a(_dvmd_tls.o)
 .ARM.attributes
                0x0000000000000183       0x2d /usr/lib/gcc/arm-none-eabi/4.9.3/armv7-m/libgcc.a(_divdi3.o)
 .ARM.attributes
                0x00000000000001b0       0x2d /usr/lib/gcc/arm-none-eabi/4.9.3/armv7-m/libgcc.a(_udivdi3.o)

/DISCARD/
 *(.note.GNU-stack)
                [!provide]                        PROVIDE (__text_size, (__text_end - __text_start))
                [!provide]                        PROVIDE (__exidx_size, (__exidx_end - __exidx_start))
                [!provide]                        PROVIDE (__bss_size, (__bss_end - __bss_start))
                [!provide]                        PROVIDE (__stack_size, (__stack_end - __stack_start))
                [!provide]                        PROVIDE (__heap_size, (__heap_end - __heap_start))
OUTPUT(main.elf elf32-littlearm)

.debug_ranges   0x0000000000000000      0x1e0
 .debug_ranges  0x0000000000000000       0xf0 /usr/lib/gcc/arm-none-eabi/4.9.3/armv7-m/libgcc.a(_divdi3.o)
 .debug_ranges  0x00000000000000f0       0xf0 /usr/lib/gcc/arm-none-eabi/4.9.3/armv7-m/libgcc.a(_udivdi3.o)
